{
  "item.sword.slice": {
    "subtitle": "subtitles.item.sword.slice",
    "sounds": [
      {
        "name": "golden:455248__gamebalance__swordy-07",
        "stream": false
      }
    ]
  }
}