{
  "parent": "item/generated",
  "textures": {
    "layer0": "golden:item/sawblade"
  }
}