{
  "parent": "item/handheld",
  "textures": {
    "layer0": "golden:item/sharpened_wooden_sword"
  }
}