{
  "type": "minecraft:crafting_shaped",
  "group": "ingrediants",
  "category": "misc",
  "pattern": [
    " a ",
    "aaa",
    " a "
  ],
  "key": {
    "a": {
      "item": "minecraft:iron_ingot"
    }
  },
  "result": {
    "item": "golden:sawblade",
    "count": 1
  }
}