{
  "type": "minecraft:crafting_shaped",
  "group": "functional",
  "category": "equipment",
  "pattern": [
    "aba",
    "aca"
  ],
  "key": {
    "a": {
      "item": "minecraft:iron_ingot"
    },
    "b": {
      "item": "golden:sawblade"
    },
    "c": {
      "item": "minecraft:deepslate"
    }
  },
  "result": {
    "item": "golden:sharpener",
    "count": 1
  }
}