{
  "parent": "block/cube",
  "textures": {
    "down": "golden:block/sharpener_bottom",
    "up": "golden:block/sharpener_top",
    "north": "golden:block/sharpener_side",
    "east": "golden:block/sharpener_side",
    "south": "golden:block/sharpener_side",
    "west": "golden:block/sharpener_side",
    "particle": "golden:block/sharpener_bottom"
  },
  "render_type": "solid"
}