{
  "variants": {
    "": {
      "model": "golden:block/sharpener"
    }
  }
}